20 20
___ ___ ___ ___ ___ ___ ___ ___ ___ ___ ___ ___ ___ ___ ___ ___ ___ ___ C01 ___
___ ___ ___ ___ ___ ___ ___ ___ ___ ___ ___ ___ ___ ___ ___ ___ ___ ___ ___ ___
___ ___ ___ Z05 ### ___ ___ ___ ___ ___ ___ ___ C02 ___ -34 +32 -55 ___ ___ ___
___ ___ ___ ___ ___ ### ### ___ ___ ___ ___ ___ ___ X21 ___ ___ ___ ___ ___ ___
___ ___ ___ ___ ___ ### ___ ___ ### ___ ___ C03 ___ ___ ___ ___ ___ ___ ___ ___
___ ___ ___ ___ ___ ___ C04 ___ ___ ___ ___ ___ ___ ___ ___ ___ ___ ___ ___ ___
___ ___ ___ ### ### ___ ___ ___ ___ ### ### ___ ___ ___ -41 Y14 ___ ___ C05 ___
___ ___ ___ ___ ### ___ ___ ___ ___ ___ ### ### ___ ___ ___ ### ### ___ ___ ___
___ ___ ___ ### ___ ___ ___ ___ ___ ___ ___ ### ___ ___ ___ ### ___ ___ ___ ___
___ ___ ___ ___ ___ ___ ___ ___ ___ ___ ___ ___ ___ ___ ### ___ ___ ___ ___ ___
___ ___ Z04 ___ ___ ___ ___ ___ ___ ___ ___ ___ ### ___ ### ___ ___ ___ ___ ___
___ ___ ___ ___ B51 +44 ___ ___ ___ ___ ___ ___ ___ ___ ___ ___ ___ ___ ___ ___
___ ___ ___ ___ ___ ___ ___ ___ ___ ___ ___ ___ ___ ___ ___ ___ ___ ___ ___ ___
___ ___ ___ ___ ___ ___ ___ ___ ___ Z01 ___ ___ ___ ___ ___ ___ ___ ___ ___ ___
___ ___ ___ Z03 ___ ___ ___ ___ ___ ___ ___ ___ ___ ___ ___ ___ ___ ___ ___ ___
___ ___ ___ ___ +64 ___ ___ ___ ___ ___ ___ ___ ___ ___ ___ ___ ___ ___ ___ ___
___ ___ A64 -61 ___ ___ ___ ___ ___ ___ ___ ___ ___ ___ ___ ___ ___ ___ ___ ___
___ -61 ___ ___ ___ ___ ___ ___ ___ ___ ___ ___ ___ ___ ___ ___ ___ ___ ___ ___
___ ___ ___ ___ Z02 ___ ___ ___ ___ ___ ___ ___ ___ ___ ___ ___ ___ ___ ___ ___
___ ___ ___ ___ ___ ___ ___ ___ ___ ___ ___ ___ ___ ___ ___ ___ ___ ___ ___ ___